


---- cylcylPenetration ----


# Pen 1: depth: 0.450000
# Pen 1: dir:   [0.000000 0.000000 1.000000]
# Pen 1: pos:   [0.000000 0.000000 0.118750]
#
# Pen 2: depth: 0.530675
# Pen 2: dir:   [-0.948589 -0.316476 -0.004781]
# Pen 2: pos:   [0.204333 0.064457 0.130556]
#
# Pen 3: depth: 0.645699
# Pen 3: dir:   [-0.499899 -0.146441 -0.853614]
# Pen 3: pos:   [0.225009 0.103698 0.171929]
#
# Pen 4: depth: 0.104445
# Pen 4: dir:   [-0.482095 0.866317 0.130685]
# Pen 4: pos:   [0.123724 0.348390 0.269312]
#
# Pen 5: depth: 0.093082
# Pen 5: dir:   [0.034600 -0.999228 -0.018627]
# Pen 5: pos:   [0.311257 -0.203923 -0.064270]
#
# Pen 6: depth: 0.198749
# Pen 6: dir:   [0.411370 -0.911372 0.013223]
# Pen 6: pos:   [0.405836 -0.130066 0.121441]
#
